node_modules/next/dist/build/templates/app-page.d.ts(10,40): error TS2307: Cannot find module 'VAR_MODULE_GLOBAL_ERROR' or its corresponding type declarations.
node_modules/next/dist/build/webpack-config.d.ts(11,104): error TS2694: Namespace '"C:/xampp/htdocs/hrm2/node_modules/next/dist/compiled/webpack/webpack".webpack' has no exported member 'RuleSetUseItem'.
node_modules/next/dist/build/webpack/loaders/next-app-loader.d.ts(1,13): error TS2613: Module '"C:/xampp/htdocs/hrm2/node_modules/next/dist/compiled/webpack/webpack"' has no default export. Did you mean to use 'import { webpack } from "C:/xampp/htdocs/hrm2/node_modules/next/dist/compiled/webpack/webpack"' instead?
node_modules/next/dist/build/webpack/plugins/define-env-plugin.d.ts(26,86): error TS2694: Namespace '"C:/xampp/htdocs/hrm2/node_modules/next/dist/compiled/webpack/webpack".webpack' has no exported member 'DefinePlugin'.
node_modules/next/dist/client/components/error-boundary.d.ts(1,8): error TS1259: Module '"C:/xampp/htdocs/hrm2/node_modules/@types/react/index"' can only be default-imported using the 'esModuleInterop' flag
node_modules/next/dist/client/components/layout-router.d.ts(3,8): error TS1259: Module '"C:/xampp/htdocs/hrm2/node_modules/@types/react/index"' can only be default-imported using the 'esModuleInterop' flag
node_modules/next/dist/client/components/not-found-boundary.d.ts(1,8): error TS1259: Module '"C:/xampp/htdocs/hrm2/node_modules/@types/react/index"' can only be default-imported using the 'esModuleInterop' flag
node_modules/next/dist/client/image-component.d.ts(1,8): error TS1259: Module '"C:/xampp/htdocs/hrm2/node_modules/@types/react/index"' can only be default-imported using the 'esModuleInterop' flag
node_modules/next/dist/client/with-router.d.ts(1,8): error TS1259: Module '"C:/xampp/htdocs/hrm2/node_modules/@types/react/index"' can only be default-imported using the 'esModuleInterop' flag
node_modules/next/dist/server/app-render/entry-base.d.ts(1,85): error TS2307: Cannot find module 'react-server-dom-webpack/server.edge' or its corresponding type declarations.
node_modules/next/dist/server/render.d.ts(17,8): error TS1259: Module '"C:/xampp/htdocs/hrm2/node_modules/@types/react/index"' can only be default-imported using the 'esModuleInterop' flag
node_modules/next/dist/shared/lib/amp-context.shared-runtime.d.ts(1,8): error TS1259: Module '"C:/xampp/htdocs/hrm2/node_modules/@types/react/index"' can only be default-imported using the 'esModuleInterop' flag
node_modules/next/dist/shared/lib/app-router-context.shared-runtime.d.ts(4,8): error TS1259: Module '"C:/xampp/htdocs/hrm2/node_modules/@types/react/index"' can only be default-imported using the 'esModuleInterop' flag
node_modules/next/dist/shared/lib/head-manager-context.shared-runtime.d.ts(1,8): error TS1259: Module '"C:/xampp/htdocs/hrm2/node_modules/@types/react/index"' can only be default-imported using the 'esModuleInterop' flag
node_modules/next/dist/shared/lib/image-config-context.shared-runtime.d.ts(1,8): error TS1259: Module '"C:/xampp/htdocs/hrm2/node_modules/@types/react/index"' can only be default-imported using the 'esModuleInterop' flag
node_modules/next/dist/shared/lib/loadable-context.shared-runtime.d.ts(1,8): error TS1259: Module '"C:/xampp/htdocs/hrm2/node_modules/@types/react/index"' can only be default-imported using the 'esModuleInterop' flag
node_modules/next/dist/shared/lib/loadable.shared-runtime.d.ts(21,8): error TS1259: Module '"C:/xampp/htdocs/hrm2/node_modules/@types/react/index"' can only be default-imported using the 'esModuleInterop' flag
node_modules/next/dist/shared/lib/router-context.shared-runtime.d.ts(1,8): error TS1259: Module '"C:/xampp/htdocs/hrm2/node_modules/@types/react/index"' can only be default-imported using the 'esModuleInterop' flag
node_modules/next/dist/shared/lib/server-inserted-html.shared-runtime.d.ts(1,8): error TS1259: Module '"C:/xampp/htdocs/hrm2/node_modules/@types/react/index"' can only be default-imported using the 'esModuleInterop' flag
node_modules/next/dist/shared/lib/utils.d.ts(12,13): error TS1192: Module '"fs"' has no default export.
node_modules/next/types/index.d.ts(10,13): error TS1259: Module '"C:/xampp/htdocs/hrm2/node_modules/@types/react/index"' can only be default-imported using the 'esModuleInterop' flag
node_modules/qrcode.react/lib/index.d.ts(1,8): error TS1259: Module '"C:/xampp/htdocs/hrm2/node_modules/@types/react/index"' can only be default-imported using the 'esModuleInterop' flag
src/app/employees/page.tsx(4,23): error TS2307: Cannot find module '@/components/layout/AppLayout' or its corresponding type declarations.
src/app/employees/page.tsx(5,30): error TS2307: Cannot find module '@/hooks/useEmployees' or its corresponding type declarations.
src/app/employees/page.tsx(6,32): error TS2307: Cannot find module '@/hooks/useDepartments' or its corresponding type declarations.
src/app/employees/page.tsx(7,30): error TS2307: Cannot find module '@/hooks/usePositions' or its corresponding type declarations.
src/app/employees/page.tsx(8,52): error TS2307: Cannot find module '@/services/apiService' or its corresponding type declarations.
src/app/employees/page.tsx(15,25): error TS2307: Cannot find module '@/contexts/AuthContext' or its corresponding type declarations.
src/app/employees/page.tsx(16,31): error TS2307: Cannot find module '@/components/employees/EmployeeFormModal' or its corresponding type declarations.
src/app/employees/page.tsx(390,5): error TS17004: Cannot use JSX unless the '--jsx' flag is provided.
src/app/employees/page.tsx(391,7): error TS17004: Cannot use JSX unless the '--jsx' flag is provided.
src/app/employees/page.tsx(392,9): error TS17004: Cannot use JSX unless the '--jsx' flag is provided.
src/app/employees/page.tsx(393,11): error TS17004: Cannot use JSX unless the '--jsx' flag is provided.
src/app/employees/page.tsx(394,13): error TS17004: Cannot use JSX unless the '--jsx' flag is provided.
src/app/employees/page.tsx(395,13): error TS17004: Cannot use JSX unless the '--jsx' flag is provided.
src/app/employees/page.tsx(397,11): error TS17004: Cannot use JSX unless the '--jsx' flag is provided.
src/app/employees/page.tsx(399,15): error TS17004: Cannot use JSX unless the '--jsx' flag is provided.
src/app/employees/page.tsx(400,17): error TS17004: Cannot use JSX unless the '--jsx' flag is provided.
src/app/employees/page.tsx(401,19): error TS17004: Cannot use JSX unless the '--jsx' flag is provided.
src/app/employees/page.tsx(401,101): error TS17004: Cannot use JSX unless the '--jsx' flag is provided.
src/app/employees/page.tsx(404,17): error TS17004: Cannot use JSX unless the '--jsx' flag is provided.
src/app/employees/page.tsx(405,19): error TS17004: Cannot use JSX unless the '--jsx' flag is provided.
src/app/employees/page.tsx(405,101): error TS17004: Cannot use JSX unless the '--jsx' flag is provided.
src/app/employees/page.tsx(408,17): error TS17004: Cannot use JSX unless the '--jsx' flag is provided.
src/app/employees/page.tsx(409,17): error TS17004: Cannot use JSX unless the '--jsx' flag is provided.
src/app/employees/page.tsx(410,19): error TS17004: Cannot use JSX unless the '--jsx' flag is provided.
src/app/employees/page.tsx(410,101): error TS17004: Cannot use JSX unless the '--jsx' flag is provided.
src/app/employees/page.tsx(419,9): error TS17004: Cannot use JSX unless the '--jsx' flag is provided.
src/app/employees/page.tsx(420,11): error TS17004: Cannot use JSX unless the '--jsx' flag is provided.
src/app/employees/page.tsx(424,9): error TS17004: Cannot use JSX unless the '--jsx' flag is provided.
src/app/employees/page.tsx(425,11): error TS17004: Cannot use JSX unless the '--jsx' flag is provided.
src/app/employees/page.tsx(426,13): error TS17004: Cannot use JSX unless the '--jsx' flag is provided.
src/app/employees/page.tsx(427,15): error TS17004: Cannot use JSX unless the '--jsx' flag is provided.
src/app/employees/page.tsx(427,121): error TS17004: Cannot use JSX unless the '--jsx' flag is provided.
src/app/employees/page.tsx(428,15): error TS17004: Cannot use JSX unless the '--jsx' flag is provided.
src/app/employees/page.tsx(431,13): error TS17004: Cannot use JSX unless the '--jsx' flag is provided.
src/app/employees/page.tsx(432,15): error TS17004: Cannot use JSX unless the '--jsx' flag is provided.
src/app/employees/page.tsx(433,17): error TS17004: Cannot use JSX unless the '--jsx' flag is provided.
src/app/employees/page.tsx(435,19): error TS17004: Cannot use JSX unless the '--jsx' flag is provided.
src/app/employees/page.tsx(439,15): error TS17004: Cannot use JSX unless the '--jsx' flag is provided.
src/app/employees/page.tsx(440,17): error TS17004: Cannot use JSX unless the '--jsx' flag is provided.
src/app/employees/page.tsx(442,19): error TS17004: Cannot use JSX unless the '--jsx' flag is provided.
src/app/employees/page.tsx(446,15): error TS17004: Cannot use JSX unless the '--jsx' flag is provided.
src/app/employees/page.tsx(447,17): error TS17004: Cannot use JSX unless the '--jsx' flag is provided.
src/app/employees/page.tsx(452,21): error TS17004: Cannot use JSX unless the '--jsx' flag is provided.
src/app/employees/page.tsx(458,13): error TS17004: Cannot use JSX unless the '--jsx' flag is provided.
src/app/employees/page.tsx(459,15): error TS17004: Cannot use JSX unless the '--jsx' flag is provided.
src/app/employees/page.tsx(460,35): error TS17004: Cannot use JSX unless the '--jsx' flag is provided.
src/app/employees/page.tsx(462,13): error TS17004: Cannot use JSX unless the '--jsx' flag is provided.
src/app/employees/page.tsx(463,15): error TS17004: Cannot use JSX unless the '--jsx' flag is provided.
src/app/employees/page.tsx(464,15): error TS17004: Cannot use JSX unless the '--jsx' flag is provided.
src/app/employees/page.tsx(465,15): error TS17004: Cannot use JSX unless the '--jsx' flag is provided.
src/app/employees/page.tsx(466,15): error TS17004: Cannot use JSX unless the '--jsx' flag is provided.
src/app/employees/page.tsx(467,15): error TS17004: Cannot use JSX unless the '--jsx' flag is provided.
src/app/employees/page.tsx(468,15): error TS17004: Cannot use JSX unless the '--jsx' flag is provided.
src/app/employees/page.tsx(470,13): error TS17004: Cannot use JSX unless the '--jsx' flag is provided.
src/app/employees/page.tsx(471,15): error TS17004: Cannot use JSX unless the '--jsx' flag is provided.
src/app/employees/page.tsx(472,15): error TS17004: Cannot use JSX unless the '--jsx' flag is provided.
src/app/employees/page.tsx(473,15): error TS17004: Cannot use JSX unless the '--jsx' flag is provided.
src/app/employees/page.tsx(474,15): error TS17004: Cannot use JSX unless the '--jsx' flag is provided.
src/app/employees/page.tsx(475,15): error TS17004: Cannot use JSX unless the '--jsx' flag is provided.
src/app/employees/page.tsx(479,11): error TS17004: Cannot use JSX unless the '--jsx' flag is provided.
src/app/employees/page.tsx(480,13): error TS17004: Cannot use JSX unless the '--jsx' flag is provided.
src/app/employees/page.tsx(481,15): error TS17004: Cannot use JSX unless the '--jsx' flag is provided.
src/app/employees/page.tsx(482,17): error TS17004: Cannot use JSX unless the '--jsx' flag is provided.
src/app/employees/page.tsx(483,19): error TS17004: Cannot use JSX unless the '--jsx' flag is provided.
src/app/employees/page.tsx(484,19): error TS17004: Cannot use JSX unless the '--jsx' flag is provided.
src/app/employees/page.tsx(485,19): error TS17004: Cannot use JSX unless the '--jsx' flag is provided.
src/app/employees/page.tsx(486,19): error TS17004: Cannot use JSX unless the '--jsx' flag is provided.
src/app/employees/page.tsx(487,19): error TS17004: Cannot use JSX unless the '--jsx' flag is provided.
src/app/employees/page.tsx(488,19): error TS17004: Cannot use JSX unless the '--jsx' flag is provided.
src/app/employees/page.tsx(489,19): error TS17004: Cannot use JSX unless the '--jsx' flag is provided.
src/app/employees/page.tsx(492,15): error TS17004: Cannot use JSX unless the '--jsx' flag is provided.
src/app/employees/page.tsx(494,19): error TS17004: Cannot use JSX unless the '--jsx' flag is provided.
src/app/employees/page.tsx(494,23): error TS17004: Cannot use JSX unless the '--jsx' flag is provided.
src/app/employees/page.tsx(496,19): error TS17004: Cannot use JSX unless the '--jsx' flag is provided.
src/app/employees/page.tsx(496,23): error TS17004: Cannot use JSX unless the '--jsx' flag is provided.
src/app/employees/page.tsx(499,21): error TS17004: Cannot use JSX unless the '--jsx' flag is provided.
src/app/employees/page.tsx(506,23): error TS17004: Cannot use JSX unless the '--jsx' flag is provided.
src/app/employees/page.tsx(507,25): error TS17004: Cannot use JSX unless the '--jsx' flag is provided.
src/app/employees/page.tsx(508,40): error TS17004: Cannot use JSX unless the '--jsx' flag is provided.
src/app/employees/page.tsx(508,444): error TS17004: Cannot use JSX unless the '--jsx' flag is provided.
src/app/employees/page.tsx(511,23): error TS17004: Cannot use JSX unless the '--jsx' flag is provided.
src/app/employees/page.tsx(512,25): error TS17004: Cannot use JSX unless the '--jsx' flag is provided.
src/app/employees/page.tsx(516,23): error TS17004: Cannot use JSX unless the '--jsx' flag is provided.
src/app/employees/page.tsx(517,25): error TS17004: Cannot use JSX unless the '--jsx' flag is provided.
src/app/employees/page.tsx(519,64): error TS17004: Cannot use JSX unless the '--jsx' flag is provided.
src/app/employees/page.tsx(522,23): error TS17004: Cannot use JSX unless the '--jsx' flag is provided.
src/app/employees/page.tsx(523,23): error TS17004: Cannot use JSX unless the '--jsx' flag is provided.
src/app/employees/page.tsx(526,45): error TS17004: Cannot use JSX unless the '--jsx' flag is provided.
src/app/employees/page.tsx(528,29): error TS17004: Cannot use JSX unless the '--jsx' flag is provided.
src/app/employees/page.tsx(529,31): error TS17004: Cannot use JSX unless the '--jsx' flag is provided.
src/app/employees/page.tsx(530,31): error TS17004: Cannot use JSX unless the '--jsx' flag is provided.
src/app/employees/page.tsx(531,49): error TS17004: Cannot use JSX unless the '--jsx' flag is provided.
src/app/employees/page.tsx(536,23): error TS17004: Cannot use JSX unless the '--jsx' flag is provided.
src/app/employees/page.tsx(537,26): error TS17004: Cannot use JSX unless the '--jsx' flag is provided.
src/app/employees/page.tsx(539,23): error TS17004: Cannot use JSX unless the '--jsx' flag is provided.
src/app/employees/page.tsx(540,25): error TS17004: Cannot use JSX unless the '--jsx' flag is provided.
src/app/employees/page.tsx(541,27): error TS17004: Cannot use JSX unless the '--jsx' flag is provided.
src/app/employees/page.tsx(542,29): error TS17004: Cannot use JSX unless the '--jsx' flag is provided.
src/app/employees/page.tsx(542,111): error TS17004: Cannot use JSX unless the '--jsx' flag is provided.
src/app/employees/page.tsx(545,29): error TS17004: Cannot use JSX unless the '--jsx' flag is provided.
src/app/employees/page.tsx(546,31): error TS17004: Cannot use JSX unless the '--jsx' flag is provided.
src/app/employees/page.tsx(547,33): error TS17004: Cannot use JSX unless the '--jsx' flag is provided.
src/app/employees/page.tsx(547,115): error TS17004: Cannot use JSX unless the '--jsx' flag is provided.
src/app/employees/page.tsx(549,31): error TS17004: Cannot use JSX unless the '--jsx' flag is provided.
src/app/employees/page.tsx(550,33): error TS17004: Cannot use JSX unless the '--jsx' flag is provided.
src/app/employees/page.tsx(550,115): error TS17004: Cannot use JSX unless the '--jsx' flag is provided.
src/app/employees/page.tsx(552,31): error TS17004: Cannot use JSX unless the '--jsx' flag is provided.
src/app/employees/page.tsx(553,33): error TS17004: Cannot use JSX unless the '--jsx' flag is provided.
src/app/employees/page.tsx(553,115): error TS17004: Cannot use JSX unless the '--jsx' flag is provided.
src/app/employees/page.tsx(568,13): error TS17004: Cannot use JSX unless the '--jsx' flag is provided.
src/app/employees/page.tsx(569,15): error TS17004: Cannot use JSX unless the '--jsx' flag is provided.
src/app/employees/page.tsx(570,15): error TS17004: Cannot use JSX unless the '--jsx' flag is provided.
src/app/employees/page.tsx(571,17): error TS17004: Cannot use JSX unless the '--jsx' flag is provided.
src/app/employees/page.tsx(578,17): error TS17004: Cannot use JSX unless the '--jsx' flag is provided.
src/app/employees/page.tsx(581,17): error TS17004: Cannot use JSX unless the '--jsx' flag is provided.
src/app/employees/page.tsx(596,7): error TS17004: Cannot use JSX unless the '--jsx' flag is provided.
src/app/employees/page.tsx(609,9): error TS17004: Cannot use JSX unless the '--jsx' flag is provided.
src/app/employees/page.tsx(610,11): error TS17004: Cannot use JSX unless the '--jsx' flag is provided.
src/app/employees/page.tsx(612,13): error TS17004: Cannot use JSX unless the '--jsx' flag is provided.
src/app/employees/page.tsx(613,15): error TS17004: Cannot use JSX unless the '--jsx' flag is provided.
src/app/employees/page.tsx(614,15): error TS17004: Cannot use JSX unless the '--jsx' flag is provided.
src/app/employees/page.tsx(617,13): error TS17004: Cannot use JSX unless the '--jsx' flag is provided.
src/app/employees/page.tsx(618,15): error TS17004: Cannot use JSX unless the '--jsx' flag is provided.
src/app/employees/page.tsx(632,19): error TS17004: Cannot use JSX unless the '--jsx' flag is provided.
src/app/employees/page.tsx(635,21): error TS17004: Cannot use JSX unless the '--jsx' flag is provided.
src/app/employees/page.tsx(638,23): error TS17004: Cannot use JSX unless the '--jsx' flag is provided.
src/app/employees/page.tsx(639,23): error TS17004: Cannot use JSX unless the '--jsx' flag is provided.
src/app/employees/page.tsx(640,23): error TS17004: Cannot use JSX unless the '--jsx' flag is provided.
src/app/employees/page.tsx(643,23): error TS17004: Cannot use JSX unless the '--jsx' flag is provided.
src/app/employees/page.tsx(644,25): error TS17004: Cannot use JSX unless the '--jsx' flag is provided.
src/app/employees/page.tsx(645,27): error TS17004: Cannot use JSX unless the '--jsx' flag is provided.
src/app/employees/page.tsx(647,25): error TS17004: Cannot use JSX unless the '--jsx' flag is provided.
src/app/employees/page.tsx(648,27): error TS17004: Cannot use JSX unless the '--jsx' flag is provided.
src/app/employees/page.tsx(649,27): error TS17004: Cannot use JSX unless the '--jsx' flag is provided.
src/app/employees/page.tsx(654,23): error TS17004: Cannot use JSX unless the '--jsx' flag is provided.
src/app/employees/page.tsx(655,25): error TS17004: Cannot use JSX unless the '--jsx' flag is provided.
src/app/employees/page.tsx(656,27): error TS17004: Cannot use JSX unless the '--jsx' flag is provided.
src/app/employees/page.tsx(661,23): error TS17004: Cannot use JSX unless the '--jsx' flag is provided.
src/app/employees/page.tsx(662,25): error TS17004: Cannot use JSX unless the '--jsx' flag is provided.
src/app/employees/page.tsx(664,27): error TS17004: Cannot use JSX unless the '--jsx' flag is provided.
src/app/employees/page.tsx(666,25): error TS17004: Cannot use JSX unless the '--jsx' flag is provided.
src/app/employees/page.tsx(670,23): error TS17004: Cannot use JSX unless the '--jsx' flag is provided.
src/app/employees/page.tsx(671,25): error TS17004: Cannot use JSX unless the '--jsx' flag is provided.
src/app/employees/page.tsx(672,27): error TS17004: Cannot use JSX unless the '--jsx' flag is provided.
src/app/employees/page.tsx(673,27): error TS17004: Cannot use JSX unless the '--jsx' flag is provided.
src/app/employees/page.tsx(674,27): error TS17004: Cannot use JSX unless the '--jsx' flag is provided.
src/app/employees/page.tsx(675,27): error TS17004: Cannot use JSX unless the '--jsx' flag is provided.
src/app/employees/page.tsx(676,27): error TS17004: Cannot use JSX unless the '--jsx' flag is provided.
src/app/employees/page.tsx(677,27): error TS17004: Cannot use JSX unless the '--jsx' flag is provided.
src/app/employees/page.tsx(678,27): error TS17004: Cannot use JSX unless the '--jsx' flag is provided.
src/app/employees/page.tsx(679,27): error TS17004: Cannot use JSX unless the '--jsx' flag is provided.
src/app/employees/page.tsx(684,23): error TS17004: Cannot use JSX unless the '--jsx' flag is provided.
src/app/employees/page.tsx(685,25): error TS17004: Cannot use JSX unless the '--jsx' flag is provided.
src/app/employees/page.tsx(691,21): error TS17004: Cannot use JSX unless the '--jsx' flag is provided.
src/app/employees/page.tsx(694,23): error TS17004: Cannot use JSX unless the '--jsx' flag is provided.
src/app/employees/page.tsx(695,23): error TS17004: Cannot use JSX unless the '--jsx' flag is provided.
src/app/employees/page.tsx(696,23): error TS17004: Cannot use JSX unless the '--jsx' flag is provided.
src/app/employees/page.tsx(699,23): error TS17004: Cannot use JSX unless the '--jsx' flag is provided.
src/app/employees/page.tsx(700,25): error TS17004: Cannot use JSX unless the '--jsx' flag is provided.
src/app/employees/page.tsx(701,27): error TS17004: Cannot use JSX unless the '--jsx' flag is provided.
src/app/employees/page.tsx(703,25): error TS17004: Cannot use JSX unless the '--jsx' flag is provided.
src/app/employees/page.tsx(704,27): error TS17004: Cannot use JSX unless the '--jsx' flag is provided.
src/app/employees/page.tsx(709,23): error TS17004: Cannot use JSX unless the '--jsx' flag is provided.
src/app/employees/page.tsx(710,25): error TS17004: Cannot use JSX unless the '--jsx' flag is provided.
src/app/employees/page.tsx(712,25): error TS17004: Cannot use JSX unless the '--jsx' flag is provided.
src/app/employees/page.tsx(713,27): error TS17004: Cannot use JSX unless the '--jsx' flag is provided.
src/app/employees/page.tsx(714,29): error TS17004: Cannot use JSX unless the '--jsx' flag is provided.
src/app/employees/page.tsx(715,29): error TS17004: Cannot use JSX unless the '--jsx' flag is provided.
src/app/employees/page.tsx(717,27): error TS17004: Cannot use JSX unless the '--jsx' flag is provided.
src/app/employees/page.tsx(718,29): error TS17004: Cannot use JSX unless the '--jsx' flag is provided.
src/app/employees/page.tsx(719,29): error TS17004: Cannot use JSX unless the '--jsx' flag is provided.
src/app/employees/page.tsx(721,27): error TS17004: Cannot use JSX unless the '--jsx' flag is provided.
src/app/employees/page.tsx(722,29): error TS17004: Cannot use JSX unless the '--jsx' flag is provided.
src/app/employees/page.tsx(723,29): error TS17004: Cannot use JSX unless the '--jsx' flag is provided.
src/app/employees/page.tsx(727,25): error TS17004: Cannot use JSX unless the '--jsx' flag is provided.
src/app/employees/page.tsx(728,27): error TS17004: Cannot use JSX unless the '--jsx' flag is provided.
src/app/employees/page.tsx(729,29): error TS17004: Cannot use JSX unless the '--jsx' flag is provided.
src/app/employees/page.tsx(729,89): error TS17004: Cannot use JSX unless the '--jsx' flag is provided.
src/app/employees/page.tsx(730,29): error TS17004: Cannot use JSX unless the '--jsx' flag is provided.
src/app/employees/page.tsx(730,53): error TS17004: Cannot use JSX unless the '--jsx' flag is provided.
src/app/employees/page.tsx(735,25): error TS17004: Cannot use JSX unless the '--jsx' flag is provided.
src/app/employees/page.tsx(736,27): error TS17004: Cannot use JSX unless the '--jsx' flag is provided.
src/app/employees/page.tsx(737,27): error TS17004: Cannot use JSX unless the '--jsx' flag is provided.
src/app/employees/page.tsx(738,27): error TS17004: Cannot use JSX unless the '--jsx' flag is provided.
src/app/employees/page.tsx(749,13): error TS17004: Cannot use JSX unless the '--jsx' flag is provided.
src/app/employees/page.tsx(750,15): error TS17004: Cannot use JSX unless the '--jsx' flag is provided.
src/app/employees/page.tsx(750,97): error TS17004: Cannot use JSX unless the '--jsx' flag is provided.
src/app/employees/page.tsx(808,5): error TS17004: Cannot use JSX unless the '--jsx' flag is provided.
src/app/employees/page.tsx(809,7): error TS17004: Cannot use JSX unless the '--jsx' flag is provided.
src/app/employees/page.tsx(829,9): error TS17004: Cannot use JSX unless the '--jsx' flag is provided.
src/app/employees/page.tsx(834,9): error TS17004: Cannot use JSX unless the '--jsx' flag is provided.
src/app/employees/page.tsx(835,11): error TS17004: Cannot use JSX unless the '--jsx' flag is provided.
src/app/employees/page.tsx(839,11): error TS17004: Cannot use JSX unless the '--jsx' flag is provided.
src/app/employees/page.tsx(849,13): error TS17004: Cannot use JSX unless the '--jsx' flag is provided.
src/app/employees/page.tsx(851,15): error TS17004: Cannot use JSX unless the '--jsx' flag is provided.
src/app/employees/page.tsx(863,17): error TS17004: Cannot use JSX unless the '--jsx' flag is provided.
src/app/employees/page.tsx(864,17): error TS17004: Cannot use JSX unless the '--jsx' flag is provided.
src/app/employees/page.tsx(876,5): error TS17004: Cannot use JSX unless the '--jsx' flag is provided.
src/app/employees/page.tsx(876,25): error TS17004: Cannot use JSX unless the '--jsx' flag is provided.
src/app/employees/page.tsx(876,36): error TS17004: Cannot use JSX unless the '--jsx' flag is provided.
src/app/employees/page.tsx(877,7): error TS17004: Cannot use JSX unless the '--jsx' flag is provided.
